C:/Users/juanj/Downloads/reservas_citas/.venv/Scripts/python.exe : 
C:\Users\juanj\Downloads\reservas_citas\.venv\Lib\site-packages\_pytest\config\__init__.py:331: 
PluggyTeardownRaisedWarning: A plugin raised an exception during an old-style hookwrapper 
teardown.
En línea: 1 Carácter: 1
+ C:/Users/juanj/Downloads/reservas_citas/.venv/Scripts/python.exe -m p ...
+ ~~~~~~~~~~~~~~~~~~~~~~~~~~~~~~~~~~~~~~~~~~~~~~~~~~~~~~~~~~~~~~~~~~~~~
    + CategoryInfo          : NotSpecified: (C:\Users\juanj\...apper teardown.:String) [], Remo 
   teException
    + FullyQualifiedErrorId : NativeCommandError
 
Plugin: helpconfig, Hook: pytest_cmdline_parse
AttributeError: 'ellipsis' object has no attribute 'rpartition'
For more information see 
https://pluggy.readthedocs.io/en/stable/api_reference.html#pluggy.PluggyTeardownRaisedWarning
  config = pluginmanager.hook.pytest_cmdline_parse(
Traceback (most recent call last):
  File "<frozen runpy>", line 198, in _run_module_as_main
  File "<frozen runpy>", line 88, in _run_code
  File "C:\Users\juanj\Downloads\reservas_citas\.venv\Lib\site-packages\pytest\__main__.py", 
line 5, in <module>
    raise SystemExit(pytest.console_main())
                     ~~~~~~~~~~~~~~~~~~~^^
  File 
"C:\Users\juanj\Downloads\reservas_citas\.venv\Lib\site-packages\_pytest\config\__init__.py", 
line 192, in console_main
    code = main()
  File 
"C:\Users\juanj\Downloads\reservas_citas\.venv\Lib\site-packages\_pytest\config\__init__.py", 
line 150, in main
    config = _prepareconfig(args, plugins)
  File 
"C:\Users\juanj\Downloads\reservas_citas\.venv\Lib\site-packages\_pytest\config\__init__.py", 
line 331, in _prepareconfig
    config = pluginmanager.hook.pytest_cmdline_parse(
        pluginmanager=pluginmanager, args=args
    )
  File "C:\Users\juanj\Downloads\reservas_citas\.venv\Lib\site-packages\pluggy\_hooks.py", line 
512, in __call__
    return self._hookexec(self.name, self._hookimpls.copy(), kwargs, firstresult)
           ~~~~~~~~~~~~~~^^^^^^^^^^^^^^^^^^^^^^^^^^^^^^^^^^^^^^^^^^^^^^^^^^^^^^^^
  File "C:\Users\juanj\Downloads\reservas_citas\.venv\Lib\site-packages\pluggy\_manager.py", 
line 120, in _hookexec
    return self._inner_hookexec(hook_name, methods, kwargs, firstresult)
           ~~~~~~~~~~~~~~~~~~~~^^^^^^^^^^^^^^^^^^^^^^^^^^^^^^^^^^^^^^^^^
  File "C:\Users\juanj\Downloads\reservas_citas\.venv\Lib\site-packages\pluggy\_callers.py", 
line 167, in _multicall
    raise exception
  File "C:\Users\juanj\Downloads\reservas_citas\.venv\Lib\site-packages\pluggy\_callers.py", 
line 139, in _multicall
    teardown.throw(exception)
    ~~~~~~~~~~~~~~^^^^^^^^^^^
  File "C:\Users\juanj\Downloads\reservas_citas\.venv\Lib\site-packages\pluggy\_callers.py", 
line 43, in run_old_style_hookwrapper
    teardown.send(result)
    ~~~~~~~~~~~~~^^^^^^^^
  File "C:\Users\juanj\Downloads\reservas_citas\.venv\Lib\site-packages\_pytest\helpconfig.py", 
line 104, in pytest_cmdline_parse
    config: Config = outcome.get_result()
                     ~~~~~~~~~~~~~~~~~~^^
  File "C:\Users\juanj\Downloads\reservas_citas\.venv\Lib\site-packages\pluggy\_result.py", 
line 103, in get_result
    raise exc.with_traceback(tb)
  File "C:\Users\juanj\Downloads\reservas_citas\.venv\Lib\site-packages\pluggy\_callers.py", 
line 38, in run_old_style_hookwrapper
    res = yield
          ^^^^^
  File "C:\Users\juanj\Downloads\reservas_citas\.venv\Lib\site-packages\pluggy\_callers.py", 
line 121, in _multicall
    res = hook_impl.function(*args)
  File 
"C:\Users\juanj\Downloads\reservas_citas\.venv\Lib\site-packages\_pytest\config\__init__.py", 
line 1075, in pytest_cmdline_parse
    self.parse(args)
    ~~~~~~~~~~^^^^^^
  File 
"C:\Users\juanj\Downloads\reservas_citas\.venv\Lib\site-packages\_pytest\config\__init__.py", 
line 1425, in parse
    self._preparse(args, addopts=addopts)
    ~~~~~~~~~~~~~~^^^^^^^^^^^^^^^^^^^^^^^
  File 
"C:\Users\juanj\Downloads\reservas_citas\.venv\Lib\site-packages\_pytest\config\__init__.py", 
line 1327, in _preparse
    self.hook.pytest_load_initial_conftests(
    ~~~~~~~~~~~~~~~~~~~~~~~~~~~~~~~~~~~~~~~^
        early_config=self, args=args, parser=self._parser
        ^^^^^^^^^^^^^^^^^^^^^^^^^^^^^^^^^^^^^^^^^^^^^^^^^
    )
    ^
  File "C:\Users\juanj\Downloads\reservas_citas\.venv\Lib\site-packages\pluggy\_hooks.py", line 
512, in __call__
    return self._hookexec(self.name, self._hookimpls.copy(), kwargs, firstresult)
           ~~~~~~~~~~~~~~^^^^^^^^^^^^^^^^^^^^^^^^^^^^^^^^^^^^^^^^^^^^^^^^^^^^^^^^
  File "C:\Users\juanj\Downloads\reservas_citas\.venv\Lib\site-packages\pluggy\_manager.py", 
line 120, in _hookexec
    return self._inner_hookexec(hook_name, methods, kwargs, firstresult)
           ~~~~~~~~~~~~~~~~~~~~^^^^^^^^^^^^^^^^^^^^^^^^^^^^^^^^^^^^^^^^^
  File "C:\Users\juanj\Downloads\reservas_citas\.venv\Lib\site-packages\pluggy\_callers.py", 
line 167, in _multicall
    raise exception
  File "C:\Users\juanj\Downloads\reservas_citas\.venv\Lib\site-packages\pluggy\_callers.py", 
line 139, in _multicall
    teardown.throw(exception)
    ~~~~~~~~~~~~~~^^^^^^^^^^^
  File "C:\Users\juanj\Downloads\reservas_citas\.venv\Lib\site-packages\pluggy\_callers.py", 
line 53, in run_old_style_hookwrapper
    return result.get_result()
           ~~~~~~~~~~~~~~~~~^^
  File "C:\Users\juanj\Downloads\reservas_citas\.venv\Lib\site-packages\pluggy\_result.py", 
line 103, in get_result
    raise exc.with_traceback(tb)
  File "C:\Users\juanj\Downloads\reservas_citas\.venv\Lib\site-packages\pluggy\_callers.py", 
line 38, in run_old_style_hookwrapper
    res = yield
          ^^^^^
  File "C:\Users\juanj\Downloads\reservas_citas\.venv\Lib\site-packages\pluggy\_callers.py", 
line 139, in _multicall
    teardown.throw(exception)
    ~~~~~~~~~~~~~~^^^^^^^^^^^
  File "C:\Users\juanj\Downloads\reservas_citas\.venv\Lib\site-packages\pluggy\_callers.py", 
line 53, in run_old_style_hookwrapper
    return result.get_result()
           ~~~~~~~~~~~~~~~~~^^
  File "C:\Users\juanj\Downloads\reservas_citas\.venv\Lib\site-packages\pluggy\_result.py", 
line 103, in get_result
    raise exc.with_traceback(tb)
  File "C:\Users\juanj\Downloads\reservas_citas\.venv\Lib\site-packages\pluggy\_callers.py", 
line 38, in run_old_style_hookwrapper
    res = yield
          ^^^^^
  File "C:\Users\juanj\Downloads\reservas_citas\.venv\Lib\site-packages\pluggy\_callers.py", 
line 121, in _multicall
    res = hook_impl.function(*args)
  File 
"C:\Users\juanj\Downloads\reservas_citas\.venv\Lib\site-packages\pytest_django\plugin.py", line 
360, in pytest_load_initial_conftests
    _setup_django(early_config)
    ~~~~~~~~~~~~~^^^^^^^^^^^^^^
  File 
"C:\Users\juanj\Downloads\reservas_citas\.venv\Lib\site-packages\pytest_django\plugin.py", line 
236, in _setup_django
    django.setup()
    ~~~~~~~~~~~~^^
  File "C:\Users\juanj\Downloads\reservas_citas\.venv\Lib\site-packages\django\__init__.py", 
line 24, in setup
    apps.populate(settings.INSTALLED_APPS)
    ~~~~~~~~~~~~~^^^^^^^^^^^^^^^^^^^^^^^^^
  File 
"C:\Users\juanj\Downloads\reservas_citas\.venv\Lib\site-packages\django\apps\registry.py", line 
91, in populate
    app_config = AppConfig.create(entry)
  File "C:\Users\juanj\Downloads\reservas_citas\.venv\Lib\site-packages\django\apps\config.py", 
line 171, in create
    mod_path, _, cls_name = entry.rpartition(".")
                            ^^^^^^^^^^^^^^^^
AttributeError: 'ellipsis' object has no attribute 'rpartition'
