============================= test session starts =============================
platform win32 -- Python 3.14.0, pytest-7.4.3, pluggy-1.6.0 -- C:\Users\juanj\Downloads\reservas_citas\.venv\Scripts\python.exe
cachedir: .pytest_cache
django: version: 5.2.8, settings: config.settings.dev (from ini)
rootdir: C:\Users\juanj\Downloads\reservas_citas
configfile: pytest.ini
testpaths: apps
plugins: Faker-38.2.0, cov-4.1.0, django-4.7.0
collecting ... collected 0 items / 1 error

=================================== ERRORS ====================================
____________________ ERROR collecting apps/citas/tests.py _____________________
.venv\Lib\site-packages\_pytest\runner.py:341: in from_call
    result: Optional[TResult] = func()
.venv\Lib\site-packages\_pytest\runner.py:372: in <lambda>
    call = CallInfo.from_call(lambda: list(collector.collect()), "collect")
.venv\Lib\site-packages\_pytest\python.py:531: in collect
    self._inject_setup_module_fixture()
.venv\Lib\site-packages\_pytest\python.py:545: in _inject_setup_module_fixture
    self.obj, ("setUpModule", "setup_module")
.venv\Lib\site-packages\_pytest\python.py:310: in obj
    self._obj = obj = self._getobj()
.venv\Lib\site-packages\_pytest\python.py:528: in _getobj
    return self._importtestmodule()
.venv\Lib\site-packages\_pytest\python.py:617: in _importtestmodule
    mod = import_path(self.path, mode=importmode, root=self.config.rootpath)
.venv\Lib\site-packages\_pytest\pathlib.py:567: in import_path
    importlib.import_module(module_name)
..\..\AppData\Local\Python\pythoncore-3.14-64\Lib\importlib\__init__.py:88: in import_module
    return _bootstrap._gcd_import(name[level:], package, level)
<frozen importlib._bootstrap>:1398: in _gcd_import
    ???
<frozen importlib._bootstrap>:1371: in _find_and_load
    ???
<frozen importlib._bootstrap>:1342: in _find_and_load_unlocked
    ???
<frozen importlib._bootstrap>:938: in _load_unlocked
    ???
.venv\Lib\site-packages\_pytest\assertion\rewrite.py:186: in exec_module
    exec(co, module.__dict__)
apps\citas\tests.py:10: in <module>
    from .models import Cita, Servicio
apps\citas\models.py:7: in <module>
    class Servicio(models.Model):
.venv\Lib\site-packages\django\db\models\base.py:136: in __new__
    raise RuntimeError(
E   RuntimeError: Model class citas.models.Servicio doesn't declare an explicit app_label and isn't in an application in INSTALLED_APPS.
=========================== short test summary info ===========================
ERROR apps/citas/tests.py - RuntimeError: Model class citas.models.Servicio d...
!!!!!!!!!!!!!!!!!!!!!!!!!! stopping after 1 failures !!!!!!!!!!!!!!!!!!!!!!!!!!
============================== 1 error in 0.87s ===============================
